// Jest Snapshot v1, https://goo.gl/fbAQLP

exports[`DetailedView renders properly 1`] = `ShallowWrapper {}`;
