// Jest Snapshot v1, https://goo.gl/fbAQLP

exports[`App Component returns jsx 1`] = `ShallowWrapper {}`;
